[akhepura.com/index.html]
[backblue.gif]
[fade.gif]
[index.html]
[akhepura.com/css/bootstrap.css]
[akhepura.com/style.css]
[akhepura.com/css/swiper.css]
[akhepura.com/css/dark.css]
[akhepura.com/css/font-icons.css]
[akhepura.com/css/animate.css]
[akhepura.com/css/magnific-popup.css]
[akhepura.com/css/responsive.css]
[akhepura.com/images/favicon.ico]
[akhepura.com/css/cookieconsent.min.css]
[akhepura.com/js/cookieconsent.min.js]
[www.google.com/recaptcha/api.js]
[akhepura.com/index-2.html]
[akhepura.com/images/akhepura-logo-1.png]
[akhepura.com/aboutus.html]
[akhepura.com/services.html]
[akhepura.com/rajasthani-theme-event.html]
[akhepura.com/langa-manganiyar-musician.html]
[akhepura.com/holi-chang-dhamal-party.html]
[akhepura.com/shehnai-nagada-artist.html]
[akhepura.com/puppet-show.html]
[akhepura.com/sufi-musician-group.html]
[akhepura.com/bollywood-dance-group.html]
[akhepura.com/qawwali-group.html]
[akhepura.com/rajasthani-mix-with-bollywood-orchestra-dance-group.html]
[akhepura.com/wedding-lawazma-and-brass-band.html]
[akhepura.com/artists.html]
[akhepura.com/folk-dance.html]
[akhepura.com/rajasthani-chari-dance.html]
[akhepura.com/rajasthani-bhawai-dance.html]
[akhepura.com/kalbelia-dance.html]
[akhepura.com/gramin-bhawai-dance.html]
[akhepura.com/terah-taali-dance.html]
[akhepura.com/gair-dance.html]
[akhepura.com/kachhi-ghodi-dance.html]
[akhepura.com/ghoomar.html]
[akhepura.com/kathputli-dance.html]
[akhepura.com/maand.html]
[akhepura.com/pabuji-ki-phach.html]
[akhepura.com/rajasthani-musical-instruments.html]
[akhepura.com/drum-dance.html]
[akhepura.com/fire-dance.html]
[akhepura.com/gallery.html]
[akhepura.com/video.html]
[akhepura.com/contact.html]
[akhepura.com/images/Akhepura-group-dancer-slide.jpg]
[akhepura.com/images/Akhepura-group-dancer-slide4.jpg]
[akhepura.com/images/home-parallax1.jpg]
[akhepura.com/images/artist.png]
[akhepura.com/images/awards.png]
[akhepura.com/images/country.png]
[akhepura.com/images/performances.png]
[akhepura.com/images/home-about.jpg]
[akhepura.com/images/home-artist.jpg]
[akhepura.com/images/home-folk-dance.jpg]
[akhepura.com/images/parallax1.jpg]
[akhepura.com/images/gallery1.jpg]
[akhepura.com/images/gallery1-big.jpg]
[akhepura.com/images/gallery2.jpg]
[akhepura.com/images/gallery2-big.jpg]
[akhepura.com/images/gallery3.jpg]
[akhepura.com/images/gallery3-big.jpg]
[akhepura.com/images/gallery5.jpg]
[akhepura.com/images/gallery5-big.jpg]
[akhepura.com/images/gallery4.jpg]
[akhepura.com/images/gallery4-big.jpg]
[akhepura.com/images/gallery9.jpg]
[akhepura.com/images/gallery9-big.jpg]
[akhepura.com/images/gallery33.jpg]
[akhepura.com/images/gallery33-big.jpg]
[akhepura.com/images/gallery20.jpg]
[akhepura.com/images/gallery20-big.jpg]
[akhepura.com/images/artist1.jpg]
[akhepura.com/images/artist2.jpg]
[akhepura.com/images/artist3.jpg]
[akhepura.com/images/package1.jpg]
[akhepura.com/images/package2.jpg]
[akhepura.com/images/package3.jpg]
[akhepura.com/images/package4.jpg]
[akhepura.com/package.html]
[akhepura.com/images/acc.png]
[akhepura.com/images/awwa.jpg]
[akhepura.com/images/gail-india.png]
[akhepura.com/images/indian-army.png]
[akhepura.com/images/lafarge-cement.png]
[akhepura.com/images/raj-university.png]
[akhepura.com/images/ntpc.png]
[akhepura.com/images/reliance.png]
[akhepura.com/images/vodafone.png]
[akhepura.com/images/oswal-shop.png]
[akhepura.com/images/power-grid.png]
[akhepura.com/images/icici-bank.png]
[akhepura.com/images/hdfc-ergo.png]
[akhepura.com/images/kec.png]
[akhepura.com/images/ongc.png]
[akhepura.com/images/footer-bg1.jpg]
[akhepura.com/images/world-map.png]
[akhepura.com/images/footer-banner.jpg]
[akhepura.com/privacy-policy.html]
[akhepura.com/js/jquery.js]
[akhepura.com/js/plugins.js]
[akhepura.com/js/plugins/jquery.sticky-sidebar.js]
[akhepura.com/js/less.min.js]
[akhepura.com/index.html]
[akhepura.com/css/bootstrap.css]
[akhepura.com/js/functions.js]
[akhepura.com/images/icons/submenu.png]
[akhepura.com/images/icons/menu-divider.png]
[akhepura.com/images/icons/close.png]
[akhepura.com/images/pattern2.png]
[akhepura.com/images/grid.png]
[akhepura.com/images/pattern.png]
[akhepura.com/images/icons/iconalt.svg]
[akhepura.com/images/preloader.gif]
[akhepura.com/images/icons/play.png]
[akhepura.com/images/icons/dotted.png]
[akhepura.com/images/icons/widget-comment.png]
[akhepura.com/images/icons/widget-link.png]
[akhepura.com/style.css]
[akhepura.com/css/swiper.css]
[akhepura.com/images/icons/submenu-dark.png]
[akhepura.com/images/preloader-dark.gif]
[akhepura.com/images/icons/widget-comment-dark.png]
[akhepura.com/images/icons/widget-link-dark.png]
[akhepura.com/css/dark.css]
[akhepura.com/css/fonts/font-icons.eot]
[akhepura.com/css/fonts/font-icons.woff]
[akhepura.com/css/fonts/font-icons.ttf]
[akhepura.com/css/fonts/font-icons.svg]
[akhepura.com/css/fonts/lined-icons.eot]
[akhepura.com/css/fonts/lined-icons.woff]
[akhepura.com/css/fonts/lined-icons.ttf]
[akhepura.com/css/fonts/lined-icons.svg]
[akhepura.com/css/fonts/Simple-Line-Icons.eot]
[akhepura.com/css/fonts/Simple-Line-Iconsd41d.eot]
[akhepura.com/css/fonts/Simple-Line-Icons.woff]
[akhepura.com/css/fonts/Simple-Line-Icons.ttf]
[akhepura.com/css/font-icons.css]
[akhepura.com/css/animate.css]
[akhepura.com/css/magnific-popup.css]
[akhepura.com/css/fonts/Simple-Line-Icons.svg]
[akhepura.com/images/preloader@2x.gif]
[akhepura.com/images/preloader-dark@2x.gif]
[akhepura.com/images/icons/widget-comment@2x.png]
[akhepura.com/images/icons/widget-link@2x.png]
[akhepura.com/images/icons/widget-comment-dark@2x.png]
[akhepura.com/images/icons/widget-link-dark@2x.png]
[akhepura.com/css/responsive.css]
[akhepura.com/css/cookieconsent.min.css]
[akhepura.com/index-2.html]
[akhepura.com/images/rashid.jpg]
[akhepura.com/images/riyazul-artist.jpg]
[akhepura.com/images/about-bg1.jpg]
[akhepura.com/images/home-artist1.jpg]
[akhepura.com/aboutus.html]
[akhepura.com/images/Rajasthani-Theme-Event.jpg]
[akhepura.com/images/LANGA--MANGANIYAR-MUSICIAN.jpg]
[akhepura.com/images/HOLI-CHANG-DHAMAL-PARTY.jpg]
[akhepura.com/images/SHEHNAI-NAGADA-ARTIST.jpg]
[akhepura.com/images/Puppet-Show.jpg]
[akhepura.com/images/SUFI-MUSICIAN-GROUP.jpg]
[akhepura.com/images/Bollywood-Dance-Group.jpg]
[akhepura.com/images/Instrumental-Solo-Group.jpg]
[akhepura.com/instrumental-solo-group.html]
[akhepura.com/images/Qawwali-Group.jpg]
[akhepura.com/images/Rajasthani-Mix-with-Bollywood-Orchestra-Dance-Group.jpg]
[akhepura.com/images/Wedding-Lawazma-and-Brass-Band.jpg]
[akhepura.com/images/service-img1.jpg]
[akhepura.com/services.html]
[akhepura.com/images/theme-event1.jpg]
[akhepura.com/rajasthani-theme-event.html]
[akhepura.com/images/theme-event2.jpg]
[akhepura.com/langa-manganiyar-musician.html]
[akhepura.com/images/theme-event3.jpg]
[akhepura.com/holi-chang-dhamal-party.html]
[akhepura.com/images/theme-event4.jpg]
[akhepura.com/shehnai-nagada-artist.html]
[akhepura.com/images/theme-event5.jpg]
[akhepura.com/puppet-show.html]
[akhepura.com/images/theme-event6.jpg]
[akhepura.com/sufi-musician-group.html]
[akhepura.com/bollywood-dance-group.html]
[akhepura.com/images/theme-event9.jpg]
[akhepura.com/qawwali-group.html]
[akhepura.com/images/theme-event10.jpg]
[akhepura.com/rajasthani-mix-with-bollywood-orchestra-dance-group.html]
[akhepura.com/images/theme-event11.jpg]
[akhepura.com/wedding-lawazma-and-brass-band.html]
[akhepura.com/artists.html]
[akhepura.com/images/folk-dance.jpg]
[akhepura.com/images/Rajasthani-Chari-Dance.jpg]
[akhepura.com/images/Rajasthani-Bhawai-Dance.jpg]
[akhepura.com/images/Kalbelia-Dance.jpg]
[akhepura.com/images/Gramin-Bhawai-Dance.jpg]
[akhepura.com/images/Terah-Taali-Dance.jpg]
[akhepura.com/images/Gair-Dance.jpg]
[akhepura.com/images/Kachhi-Ghodi-Dance.jpg]
[akhepura.com/images/Ghoomar.jpg]
[akhepura.com/images/Kathputli-Dance.jpg]
[akhepura.com/images/Maand.jpg]
[akhepura.com/images/Pabuji-Ki-Phach.jpg]
[akhepura.com/images/Rajasthani-musical-instruments.jpg]
[akhepura.com/images/Drum-Dance.jpg]
[akhepura.com/images/Fire-Dance.jpg]
[akhepura.com/images/folk-extra.jpg]
[akhepura.com/folk-dance.html]
[akhepura.com/images/folk-dance1.jpg]
[akhepura.com/rajasthani-chari-dance.html]
[akhepura.com/images/folk-dance2.jpg]
[akhepura.com/rajasthani-bhawai-dance.html]
[akhepura.com/images/folk-dance3.jpg]
[akhepura.com/kalbelia-dance.html]
[akhepura.com/images/folk-dance4.jpg]
[akhepura.com/gramin-bhawai-dance.html]
[akhepura.com/images/folk-dance5.jpg]
[akhepura.com/terah-taali-dance.html]
[akhepura.com/images/folk-dance6.jpg]
[akhepura.com/gair-dance.html]
[akhepura.com/images/folk-dance7.jpg]
[akhepura.com/kachhi-ghodi-dance.html]
[akhepura.com/images/folk-dance8.jpg]
[akhepura.com/ghoomar.html]
[akhepura.com/images/folk-dance9.jpg]
[akhepura.com/kathputli-dance.html]
[akhepura.com/images/folk-dance10.jpg]
[akhepura.com/maand.html]
[akhepura.com/images/folk-dance11.jpg]
[akhepura.com/pabuji-ki-phach.html]
[akhepura.com/images/folk-dance12.jpg]
[akhepura.com/rajasthani-musical-instruments.html]
[akhepura.com/images/folk-dance13.jpg]
[akhepura.com/drum-dance.html]
[akhepura.com/images/folk-dance14.jpg]
[akhepura.com/fire-dance.html]
[akhepura.com/images/gallery6.jpg]
[akhepura.com/images/gallery6-big.jpg]
[akhepura.com/images/gallery7.jpg]
[akhepura.com/images/gallery7-big.jpg]
[akhepura.com/images/gallery8.jpg]
[akhepura.com/images/gallery8-big.jpg]
[akhepura.com/images/gallery10.jpg]
[akhepura.com/images/gallery10-big.jpg]
[akhepura.com/images/gallery11.jpg]
[akhepura.com/images/gallery11-big.jpg]
[akhepura.com/images/gallery12.jpg]
[akhepura.com/images/gallery12-big.jpg]
[akhepura.com/images/gallery13.jpg]
[akhepura.com/images/gallery13-big.jpg]
[akhepura.com/images/gallery14.jpg]
[akhepura.com/images/gallery14-big.jpg]
[akhepura.com/images/gallery15.jpg]
[akhepura.com/images/gallery15-big.jpg]
[akhepura.com/images/gallery16.jpg]
[akhepura.com/images/gallery16-big.jpg]
[akhepura.com/images/gallery17.jpg]
[akhepura.com/images/gallery17-big.jpg]
[akhepura.com/images/gallery18.jpg]
[akhepura.com/images/gallery18-big.jpg]
[akhepura.com/images/gallery19.jpg]
[akhepura.com/images/gallery19-big.jpg]
[akhepura.com/images/gallery21.jpg]
[akhepura.com/images/gallery21-big.jpg]
[akhepura.com/images/gallery22.jpg]
[akhepura.com/images/gallery22-big.jpg]
[akhepura.com/images/gallery23.jpg]
[akhepura.com/images/gallery23-big.jpg]
[akhepura.com/images/gallery24.jpg]
[akhepura.com/images/gallery24-big.jpg]
[akhepura.com/images/gallery25.jpg]
[akhepura.com/images/gallery25-big.jpg]
[akhepura.com/images/gallery27.jpg]
[akhepura.com/images/gallery27-big.jpg]
[akhepura.com/images/gallery28.jpg]
[akhepura.com/images/gallery28-big.jpg]
[akhepura.com/images/gallery29.jpg]
[akhepura.com/images/gallery29-big.jpg]
[akhepura.com/images/gallery30.jpg]
[akhepura.com/images/gallery30-big.jpg]
[akhepura.com/images/gallery31.jpg]
[akhepura.com/images/gallery31-big.jpg]
[akhepura.com/images/gallery32.jpg]
[akhepura.com/images/gallery32-big.jpg]
[akhepura.com/images/gallery26.jpg]
[akhepura.com/images/gallery26-big.jpg]
[akhepura.com/gallery.html]
[akhepura.com/video.html]
[akhepura.com/contact.html]
[akhepura.com/images/package5.jpg]
[akhepura.com/images/package6.jpg]
[akhepura.com/images/package7.jpg]
[akhepura.com/images/package8.jpg]
[akhepura.com/package.html]
[akhepura.com/privacy-policy.html]
[akhepura.com/images/icons/iconalt.svg]
[akhepura.com/css/fonts/font-icons.svg]
[akhepura.com/css/fonts/lined-icons.svg]
[akhepura.com/css/fonts/Simple-Line-Icons.svg]
[akhepura.com/images/theme-event8.jpg]
[akhepura.com/instrumental-solo-group.html]
